
# EPRIMER3 RESULTS FOR 14

#                      Start  Len   Tm     GC%   Sequence

   1 PRODUCT SIZE: 156
     FORWARD PRIMER     167   18  58.15  55.56  CCAGGGTCATCCATGTTG

     REVERSE PRIMER     302   21  56.75  42.86  GCAGCTTTATTCACAATAGCC



